<?xml version="1.0" encoding="utf-8"?><testsuites name="pytest tests"><testsuite name="pytest" errors="0" failures="1" skipped="9" tests="296" time="584.340" timestamp="2026-08-03T00:04:38.358869-04:00" hostname="LAPTOP-RMRASJN7"><testcase classname="tests.test_auth" name="test_login_invalid_credentials" time="0.369" /><testcase classname="tests.test_auth" name="test_login_empty_body" time="0.019" /><testcase classname="tests.test_auth" name="test_signup_weak_password" time="0.003" /><testcase classname="tests.test_auth" name="test_auth_me_no_token" time="0.003" /><testcase classname="tests.test_auth" name="test_auth_me_invalid_token" time="0.004" /><testcase classname="tests.test_auth" name="test_auth_me_malformed_header" time="0.018" /><testcase classname="tests.test_auth" name="test_auth_me_none_algorithm_token" time="0.004" /><testcase classname="tests.test_auth" name="test_login_does_not_reveal_whether_account_exists" time="0.243" /><testcase classname="tests.test_bulletin" name="test_bulletin_health" time="0.141" /><testcase classname="tests.test_bulletin" name="test_bulletin_latest" time="0.004" /><testcase classname="tests.test_bulletin" name="test_bulletin_sources" time="0.007" /><testcase classname="tests.test_bulletin" name="test_bulletin_quality" time="0.005" /><testcase classname="tests.test_bulletin" name="test_bulletin_costs_requires_auth" time="0.003" /><testcase classname="tests.test_bulletin" name="test_bulletin_run_requires_auth" time="286.969" /><testcase classname="tests.test_bulletin" name="test_bulletin_archive_route_exists" time="0.007" /><testcase classname="tests.test_bulletin" name="test_bulletin_quality_gate_is_advisory" time="0.004" /><testcase classname="tests.test_bulletin_auth" name="test_public_endpoints_do_not_require_a_credential[/api/v1/bulletin/health]" time="0.003" /><testcase classname="tests.test_bulletin_auth" name="test_public_endpoints_do_not_require_a_credential[/api/v1/bulletin/latest/fcc]" time="0.004" /><testcase classname="tests.test_bulletin_auth" name="test_public_endpoints_do_not_require_a_credential[/api/v1/bulletin/sources]" time="0.017" /><testcase classname="tests.test_bulletin_auth" name="test_public_endpoints_do_not_require_a_credential[/api/v1/bulletin/sources/health]" time="0.004" /><testcase classname="tests.test_bulletin_auth" name="test_public_endpoints_do_not_require_a_credential[/api/v1/bulletin/sources/missing]" time="0.003" /><testcase classname="tests.test_bulletin_auth" name="test_public_endpoints_do_not_require_a_credential[/api/v1/bulletin/quality/latest]" time="0.004" /><testcase classname="tests.test_bulletin_auth" name="test_public_endpoints_do_not_require_a_credential[/api/v1/bulletin/history/fcc]" time="0.005" /><testcase classname="tests.test_bulletin_auth" name="test_guarded_endpoints_refuse_anonymous[/api/v1/bulletin/costs]" time="0.001"><skipped type="pytest.skip" message="BULLETIN_AUTH_ENABLED is off; guard() is a no-op by design">C:\Imran_Coding projects\DocuAction\backend\tests\test_bulletin_auth.py:53: BULLETIN_AUTH_ENABLED is off; guard() is a no-op by design</skipped></testcase><testcase classname="tests.test_bulletin_auth" name="test_guarded_endpoints_refuse_anonymous[/api/v1/bulletin/archive/fcc]" time="0.001"><skipped type="pytest.skip" message="BULLETIN_AUTH_ENABLED is off; guard() is a no-op by design">C:\Imran_Coding projects\DocuAction\backend\tests\test_bulletin_auth.py:53: BULLETIN_AUTH_ENABLED is off; guard() is a no-op by design</skipped></testcase><testcase classname="tests.test_bulletin_auth" name="test_guarded_endpoints_refuse_anonymous[/api/v1/bulletin/profiles]" time="0.000"><skipped type="pytest.skip" message="BULLETIN_AUTH_ENABLED is off; guard() is a no-op by design">C:\Imran_Coding projects\DocuAction\backend\tests\test_bulletin_auth.py:53: BULLETIN_AUTH_ENABLED is off; guard() is a no-op by design</skipped></testcase><testcase classname="tests.test_bulletin_auth" name="test_guarded_endpoints_refuse_anonymous[/api/v1/bulletin/briefings/does-not-matter/excel-qa]" time="0.000"><skipped type="pytest.skip" message="BULLETIN_AUTH_ENABLED is off; guard() is a no-op by design">C:\Imran_Coding projects\DocuAction\backend\tests\test_bulletin_auth.py:53: BULLETIN_AUTH_ENABLED is off; guard() is a no-op by design</skipped></testcase><testcase classname="tests.test_bulletin_auth" name="test_run_trigger_refuses_anonymous_post" time="0.000"><skipped type="pytest.skip" message="BULLETIN_AUTH_ENABLED is off; guard() is a no-op by design">C:\Imran_Coding projects\DocuAction\backend\tests\test_bulletin_auth.py:63: BULLETIN_AUTH_ENABLED is off; guard() is a no-op by design</skipped></testcase><testcase classname="tests.test_bulletin_auth" name="test_preview_and_excel_share_one_access_model" time="0.027" /><testcase classname="tests.test_bulletin_excel" name="test_workbook_has_stories_and_summary_sheets" time="0.064" /><testcase classname="tests.test_bulletin_excel" name="test_column_headers_and_row_count" time="0.018" /><testcase classname="tests.test_bulletin_excel" name="test_rows_are_ordered_by_topic_then_source" time="0.015" /><testcase classname="tests.test_bulletin_excel" name="test_reader_affordances_present" time="0.015" /><testcase classname="tests.test_bulletin_excel" name="test_summary_counts_match_the_rows_written" time="0.017" /><testcase classname="tests.test_bulletin_excel" name="test_control_characters_do_not_break_the_workbook" time="0.053" /><testcase classname="tests.test_bulletin_excel" name="test_empty_briefing_still_produces_a_valid_file" time="0.067" /><testcase classname="tests.test_bulletin_sources" name="test_sources_endpoint_public" time="0.030" /><testcase classname="tests.test_bulletin_sources" name="test_sources_health_public" time="0.004" /><testcase classname="tests.test_bulletin_sources" name="test_quality_latest_public" time="0.026" /><testcase classname="tests.test_bulletin_sources" name="test_preview_public" time="0.005" /><testcase classname="tests.test_bulletin_sources" name="test_latest_public" time="0.026" /><testcase classname="tests.test_bulletin_sources" name="test_costs_requires_auth" time="0.028" /><testcase classname="tests.test_bulletin_sources" name="test_run_requires_auth" time="285.330" /><testcase classname="tests.test_bulletin_sources" name="test_archive_requires_auth" time="0.008" /><testcase classname="tests.test_bulletin_sources" name="test_profiles_requires_auth" time="0.004" /><testcase classname="tests.test_bulletin_sources" name="test_feed_expansion_present" time="0.000" /><testcase classname="tests.test_case_management_auth" name="test_case_management_requires_auth" time="0.046" /><testcase classname="tests.test_case_management_auth" name="test_case_management_post_requires_auth" time="0.005" /><testcase classname="tests.test_case_management_auth" name="test_case_management_rejects_invalid_token" time="0.005" /><testcase classname="tests.test_client_ip.TestRightmostEntryWins" name="test_takes_platform_appended_entry_not_client_supplied" time="0.001" /><testcase classname="tests.test_client_ip.TestRightmostEntryWins" name="test_single_entry" time="0.000" /><testcase classname="tests.test_client_ip.TestRightmostEntryWins" name="test_spoofed_chain_cannot_change_the_bucket" time="0.000" /><testcase classname="tests.test_client_ip.TestRightmostEntryWins" name="test_strips_port_from_ipv4" time="0.001" /><testcase classname="tests.test_client_ip.TestRightmostEntryWins" name="test_strips_port_from_bracketed_ipv6" time="0.000" /><testcase classname="tests.test_client_ip.TestRightmostEntryWins" name="test_preserves_bare_ipv6" time="0.000" /><testcase classname="tests.test_client_ip.TestRightmostEntryWins" name="test_ignores_trailing_empty_entries" time="0.000" /><testcase classname="tests.test_client_ip.TestFallback" name="test_falls_back_to_peer_when_no_header" time="0.000" /><testcase classname="tests.test_client_ip.TestFallback" name="test_empty_header_falls_back" time="0.000" /><testcase classname="tests.test_client_ip.TestFallback" name="test_no_client_and_no_header_is_none" time="0.000" /><testcase classname="tests.test_client_ip.TestFallback" name="test_header_only_commas_falls_back" time="0.000" /><testcase classname="tests.test_client_ip" name="test_strip_port[1.2.3.4-1.2.3.4]" time="0.001" /><testcase classname="tests.test_client_ip" name="test_strip_port[1.2.3.4:80-1.2.3.4]" time="0.000" /><testcase classname="tests.test_client_ip" name="test_strip_port[[::1]:80-::1]" time="0.001" /><testcase classname="tests.test_client_ip" name="test_strip_port[[2001:db8::1]-2001:db8::1]" time="0.000" /><testcase classname="tests.test_client_ip" name="test_strip_port[2001:db8::1-2001:db8::1]" time="0.000" /><testcase classname="tests.test_client_ip" name="test_strip_port[-]" time="0.000" /><testcase classname="tests.test_client_ip" name="test_strip_port[  1.2.3.4  -1.2.3.4]" time="0.000" /><testcase classname="tests.test_document_processing" name="test_openapi_reachable" time="0.313" /><testcase classname="tests.test_document_processing" name="test_upload_requires_auth" time="0.023" /><testcase classname="tests.test_document_processing" name="test_documents_listing_requires_auth" time="0.005" /><testcase classname="tests.test_document_processing" name="test_unknown_route_is_404_not_500" time="0.009" /><testcase classname="tests.test_health" name="test_health" time="0.895" /><testcase classname="tests.test_health" name="test_health_reports_version" time="0.005" /><testcase classname="tests.test_health" name="test_health_never_leaks_configuration" time="0.016" /><testcase classname="tests.test_injection" name="test_sql_payload_in_path_does_not_reach_the_driver[' OR '1'='1]" time="0.016" /><testcase classname="tests.test_injection" name="test_sql_payload_in_path_does_not_reach_the_driver[1; DROP TABLE users--]" time="0.005" /><testcase classname="tests.test_injection" name="test_sql_payload_in_path_does_not_reach_the_driver[' UNION SELECT NULL,version()--]" time="0.027" /><testcase classname="tests.test_injection" name="test_sql_payload_in_path_does_not_reach_the_driver[admin'--]" time="0.006" /><testcase classname="tests.test_injection" name="test_sql_payload_in_path_does_not_reach_the_driver[%27%20OR%201=1]" time="0.006" /><testcase classname="tests.test_injection" name="test_sql_payload_in_query_string_is_handled[' OR '1'='1]" time="0.005" /><testcase classname="tests.test_injection" name="test_sql_payload_in_query_string_is_handled[1; DROP TABLE users--]" time="0.028" /><testcase classname="tests.test_injection" name="test_sql_payload_in_query_string_is_handled[' UNION SELECT NULL,version()--]" time="0.006" /><testcase classname="tests.test_injection" name="test_sql_payload_in_query_string_is_handled[admin'--]" time="0.007" /><testcase classname="tests.test_injection" name="test_sql_payload_in_query_string_is_handled[%27%20OR%201=1]" time="0.007" /><testcase classname="tests.test_injection" name="test_sql_payload_in_login_body_is_rejected_not_executed[' OR '1'='1]" time="0.284" /><testcase classname="tests.test_injection" name="test_sql_payload_in_login_body_is_rejected_not_executed[1; DROP TABLE users--]" time="0.254" /><testcase classname="tests.test_injection" name="test_sql_payload_in_login_body_is_rejected_not_executed[' UNION SELECT NULL,version()--]" time="0.285" /><testcase classname="tests.test_injection" name="test_sql_payload_in_login_body_is_rejected_not_executed[admin'--]" time="0.382" /><testcase classname="tests.test_injection" name="test_sql_payload_in_login_body_is_rejected_not_executed[%27%20OR%201=1]" time="0.289" /><testcase classname="tests.test_injection" name="test_xss_payload_is_not_reflected_into_html[&lt;script&gt;alert(1)&lt;/script&gt;]" time="0.015" /><testcase classname="tests.test_injection" name="test_xss_payload_is_not_reflected_into_html[&quot;&gt;&lt;img src=x onerror=alert(1)&gt;]" time="0.018" /><testcase classname="tests.test_injection" name="test_xss_payload_is_not_reflected_into_html[javascript:alert(1)]" time="0.006" /><testcase classname="tests.test_injection" name="test_path_traversal_does_not_read_the_filesystem[../../../../etc/passwd]" time="0.025" /><testcase classname="tests.test_injection" name="test_path_traversal_does_not_read_the_filesystem[..%2f..%2f..%2fetc%2fpasswd]" time="0.005" /><testcase classname="tests.test_injection" name="test_path_traversal_does_not_read_the_filesystem[....//....//etc/passwd]" time="0.004" /><testcase classname="tests.test_injection" name="test_oversized_body_is_refused_not_buffered" time="0.305" /><testcase classname="tests.test_injection" name="test_null_byte_in_path_is_handled" time="0.019" /><testcase classname="tests.test_injection" name="test_xxe_entity_expansion_is_refused_by_the_parser" time="0.001" /><testcase classname="tests.test_injection" name="test_xxe_external_entity_cannot_read_local_files" time="0.000" /><testcase classname="tests.test_injection" name="test_wellformed_feed_still_parses" time="0.000" /><testcase classname="tests.test_monday_workflow" name="test_nppes_pecos_conflict_detected" time="0.000" /><testcase classname="tests.test_monday_workflow" name="test_pecos_oig_conflict_detected" time="0.000" /><testcase classname="tests.test_monday_workflow" name="test_no_conflict_when_consistent" time="0.000" /><testcase classname="tests.test_monday_workflow" name="test_unavailable_source_is_never_a_conflict" time="0.000" /><testcase classname="tests.test_monday_workflow" name="test_coverage_counts_only_implemented_connectors" time="0.000" /><testcase classname="tests.test_monday_workflow" name="test_unimplemented_connectors_do_not_reduce_coverage" time="0.000" /><testcase classname="tests.test_monday_workflow" name="test_unimplemented_are_disclosed_not_hidden" time="0.000" /><testcase classname="tests.test_monday_workflow" name="test_unimplemented_are_not_checked_never_unavailable" time="0.001"><failure message="AssertionError: assert ('not implemented' in 'sam.gov: api key configured. entity lookup endpoints returning 404 — api version under investigation.' or 'not operational' in 'sam.gov: api key configured. entity lookup endpoints returning 404 — api version under investigation.')&#10; +  where 'sam.gov: api key configured. entity lookup endpoints returning 404 — api version under investigation.' = &lt;built-in method lower of str object at 0x00000233BC167550&gt;()&#10; +    where &lt;built-in method lower of str object at 0x00000233BC167550&gt; = 'SAM.gov: API key configured. Entity lookup endpoints returning 404 — API version under investigation.'.lower&#10; +  and   'sam.gov: api key configured. entity lookup endpoints returning 404 — api version under investigation.' = &lt;built-in method lower of str object at 0x00000233BC167550&gt;()&#10; +    where &lt;built-in method lower of str object at 0x00000233BC167550&gt; = 'SAM.gov: API key configured. Entity lookup endpoints returning 404 — API version under investigation.'.lower">tests\test_monday_workflow.py:137: in test_unimplemented_are_not_checked_never_unavailable
    assert "not implemented" in reason.lower() or "not operational" in reason.lower()
E   AssertionError: assert ('not implemented' in 'sam.gov: api key configured. entity lookup endpoints returning 404 — api version under investigation.' or 'not operational' in 'sam.gov: api key configured. entity lookup endpoints returning 404 — api version under investigation.')
E    +  where 'sam.gov: api key configured. entity lookup endpoints returning 404 — api version under investigation.' = &lt;built-in method lower of str object at 0x00000233BC167550&gt;()
E    +    where &lt;built-in method lower of str object at 0x00000233BC167550&gt; = 'SAM.gov: API key configured. Entity lookup endpoints returning 404 — API version under investigation.'.lower
E    +  and   'sam.gov: api key configured. entity lookup endpoints returning 404 — api version under investigation.' = &lt;built-in method lower of str object at 0x00000233BC167550&gt;()
E    +    where &lt;built-in method lower of str object at 0x00000233BC167550&gt; = 'SAM.gov: API key configured. Entity lookup endpoints returning 404 — API version under investigation.'.lower</failure></testcase><testcase classname="tests.test_monday_workflow" name="test_each_entity_classifies_as_expected[real_clean-True-B1]" time="0.001" /><testcase classname="tests.test_monday_workflow" name="test_each_entity_classifies_as_expected[partial-True-B1]" time="0.001" /><testcase classname="tests.test_monday_workflow" name="test_each_entity_classifies_as_expected[synthetic-True-B3]" time="0.000" /><testcase classname="tests.test_monday_workflow" name="test_each_entity_classifies_as_expected[excluded-True-B4]" time="0.000" /><testcase classname="tests.test_monday_workflow" name="test_each_entity_classifies_as_expected[real_clean-False-B4]" time="0.001" /><testcase classname="tests.test_monday_workflow" name="test_every_classification_carries_a_rule_and_version" time="0.000" /><testcase classname="tests.test_monday_workflow" name="test_every_source_reports_one_of_the_five_states" time="0.000" /><testcase classname="tests.test_monday_workflow" name="test_sample_draw_is_reproducible_and_captures_config" time="0.001" /><testcase classname="tests.test_monday_workflow" name="test_weekly_report_has_every_required_section" time="0.001" /><testcase classname="tests.test_monday_workflow" name="test_bucket_counts_sum_to_entities_reviewed" time="0.000" /><testcase classname="tests.test_monday_workflow" name="test_report_renders_with_contract_number" time="0.001" /><testcase classname="tests.test_monday_workflow" name="test_contract_smoke_endpoints_exist_and_are_guarded[GET-/api/tefca/arc/review-rules]" time="0.013" /><testcase classname="tests.test_monday_workflow" name="test_contract_smoke_endpoints_exist_and_are_guarded[GET-/api/tefca/arc/review-rules/history]" time="0.017" /><testcase classname="tests.test_monday_workflow" name="test_contract_smoke_endpoints_exist_and_are_guarded[GET-/api/tefca/arc/samples]" time="0.018" /><testcase classname="tests.test_monday_workflow" name="test_contract_smoke_endpoints_exist_and_are_guarded[GET-/api/tefca/arc/reviews]" time="0.031" /><testcase classname="tests.test_monday_workflow" name="test_contract_smoke_endpoints_exist_and_are_guarded[GET-/api/tefca/arc/reports]" time="0.004" /><testcase classname="tests.test_monday_workflow" name="test_priority_review_and_generate_are_mounted_and_guarded" time="0.007" /><testcase classname="tests.test_monday_workflow" name="test_legacy_tefca_routes_are_not_shadowed" time="0.022" /><testcase classname="tests.test_monday_workflow" name="test_production_seeding_is_refused" time="0.006" /><testcase classname="tests.test_npi_validation" name="test_valid_npi" time="0.000" /><testcase classname="tests.test_npi_validation" name="test_invalid_check_digit" time="0.000" /><testcase classname="tests.test_npi_validation" name="test_npi_too_short" time="0.000" /><testcase classname="tests.test_npi_validation" name="test_npi_too_long" time="0.000" /><testcase classname="tests.test_npi_validation" name="test_npi_non_numeric" time="0.000" /><testcase classname="tests.test_npi_validation" name="test_npi_empty" time="0.000" /><testcase classname="tests.test_npi_validation" name="test_npi_with_80840_prefix_validation" time="0.000" /><testcase classname="tests.test_npi_validation" name="test_compute_check_digit_round_trip" time="0.000" /><testcase classname="tests.test_npi_validation" name="test_compute_check_digit_rejects_bad_base" time="0.000" /><testcase classname="tests.test_npi_validation" name="test_validate_for_import_flags_rather_than_rejects" time="0.000" /><testcase classname="tests.test_qa_verification" name="test_normalise_strips_google_news_publisher_suffix" time="0.001" /><testcase classname="tests.test_qa_verification" name="test_normalise_strips_punctuation_and_case" time="0.000" /><testcase classname="tests.test_qa_verification" name="test_titles_match_identical" time="0.000" /><testcase classname="tests.test_qa_verification" name="test_titles_match_syndicated_variant" time="0.000" /><testcase classname="tests.test_qa_verification" name="test_titles_do_not_match_different_stories" time="0.000" /><testcase classname="tests.test_qa_verification" name="test_relevance_gate_rejects_false_fcc" time="0.000" /><testcase classname="tests.test_qa_verification" name="test_relevance_gate_accepts_real_fcc" time="0.000" /><testcase classname="tests.test_qa_verification" name="test_qa_queries_configured" time="0.000" /><testcase classname="tests.test_qa_verification" name="test_empty_titles_never_match" time="0.000" /><testcase classname="tests.test_rate_limiter" name="test_rate_limit_allows_within_burst" time="0.000" /><testcase classname="tests.test_rate_limiter" name="test_rate_limit_triggers_after_burst" time="0.001" /><testcase classname="tests.test_rate_limiter" name="test_rate_limit_reports_reset_hint" time="0.001" /><testcase classname="tests.test_rate_limiter" name="test_enterprise_tier_has_higher_ceiling" time="0.000" /><testcase classname="tests.test_rbac" name="test_every_expected_role_exists_in_the_hierarchy" time="0.000" /><testcase classname="tests.test_rbac" name="test_hierarchy_is_strictly_increasing" time="0.000" /><testcase classname="tests.test_rbac" name="test_role_admits_at_or_above_and_refuses_below[viewer-viewer-True]" time="0.000" /><testcase classname="tests.test_rbac" name="test_role_admits_at_or_above_and_refuses_below[viewer-admin-True]" time="0.000" /><testcase classname="tests.test_rbac" name="test_role_admits_at_or_above_and_refuses_below[contributor-viewer-False]" time="0.000" /><testcase classname="tests.test_rbac" name="test_role_admits_at_or_above_and_refuses_below[contributor-contributor-True]" time="0.000" /><testcase classname="tests.test_rbac" name="test_role_admits_at_or_above_and_refuses_below[reviewer-contributor-False]" time="0.000" /><testcase classname="tests.test_rbac" name="test_role_admits_at_or_above_and_refuses_below[qalead-reviewer-False]" time="0.000" /><testcase classname="tests.test_rbac" name="test_role_admits_at_or_above_and_refuses_below[admin-qalead-False]" time="0.001" /><testcase classname="tests.test_rbac" name="test_role_admits_at_or_above_and_refuses_below[admin-admin-True]" time="0.000" /><testcase classname="tests.test_rbac" name="test_unknown_role_gets_no_privilege" time="0.000" /><testcase classname="tests.test_rbac" name="test_role_gated_endpoints_refuse_anonymous[/api/tefca/registry/entities]" time="0.004" /><testcase classname="tests.test_rbac" name="test_role_gated_endpoints_refuse_anonymous[/api/tefca/dashboard/summary]" time="0.004" /><testcase classname="tests.test_rbac" name="test_role_gated_endpoints_refuse_anonymous[/api/v1/case-management/patients]" time="0.031" /><testcase classname="tests.test_rbac" name="test_flag_gated_endpoints_refuse_anonymous_when_enabled[/api/v1/bulletin/costs]" time="0.001"><skipped type="pytest.skip" message="BULLETIN_AUTH_ENABLED off; guard() is a no-op by design">C:\Imran_Coding projects\DocuAction\backend\tests\test_rbac.py:84: BULLETIN_AUTH_ENABLED off; guard() is a no-op by design</skipped></testcase><testcase classname="tests.test_rbac" name="test_flag_gated_endpoints_refuse_anonymous_when_enabled[/api/v1/bulletin/profiles]" time="0.001"><skipped type="pytest.skip" message="BULLETIN_AUTH_ENABLED off; guard() is a no-op by design">C:\Imran_Coding projects\DocuAction\backend\tests\test_rbac.py:84: BULLETIN_AUTH_ENABLED off; guard() is a no-op by design</skipped></testcase><testcase classname="tests.test_rbac" name="test_flag_gated_endpoints_refuse_anonymous_when_enabled[/api/v1/bulletin/archive/fcc]" time="0.001"><skipped type="pytest.skip" message="BULLETIN_AUTH_ENABLED off; guard() is a no-op by design">C:\Imran_Coding projects\DocuAction\backend\tests\test_rbac.py:84: BULLETIN_AUTH_ENABLED off; guard() is a no-op by design</skipped></testcase><testcase classname="tests.test_rbac" name="test_role_gated_endpoints_refuse_a_forged_token[/api/tefca/registry/entities]" time="0.008" /><testcase classname="tests.test_rbac" name="test_role_gated_endpoints_refuse_a_forged_token[/api/tefca/dashboard/summary]" time="0.019" /><testcase classname="tests.test_rbac" name="test_role_gated_endpoints_refuse_a_forged_token[/api/v1/case-management/patients]" time="0.032" /><testcase classname="tests.test_rbac" name="test_admin_only_write_refuses_anonymous" time="0.000"><skipped type="pytest.skip" message="BULLETIN_AUTH_ENABLED off; guard() is a no-op by design">C:\Imran_Coding projects\DocuAction\backend\tests\test_rbac.py:100: BULLETIN_AUTH_ENABLED off; guard() is a no-op by design</skipped></testcase><testcase classname="tests.test_review_reports" name="test_report_all_sections_present[executive_summary]" time="0.000" /><testcase classname="tests.test_review_reports" name="test_report_all_sections_present[sampling_summary]" time="0.000" /><testcase classname="tests.test_review_reports" name="test_report_all_sections_present[classification_distribution]" time="0.000" /><testcase classname="tests.test_review_reports" name="test_report_all_sections_present[discrepancy_rate]" time="0.000" /><testcase classname="tests.test_review_reports" name="test_report_all_sections_present[verification_coverage]" time="0.000" /><testcase classname="tests.test_review_reports" name="test_report_all_sections_present[outstanding_items]" time="0.000" /><testcase classname="tests.test_review_reports" name="test_report_all_sections_present[data_sources_used]" time="0.000" /><testcase classname="tests.test_review_reports" name="test_report_all_sections_present[methodology]" time="0.000" /><testcase classname="tests.test_review_reports" name="test_report_all_sections_present[limitations]" time="0.000" /><testcase classname="tests.test_review_reports" name="test_report_all_sections_present[configuration]" time="0.000" /><testcase classname="tests.test_review_reports" name="test_limitations_always_present_even_when_clean" time="0.000" /><testcase classname="tests.test_review_reports" name="test_limitations_names_uncovered_sources" time="0.000" /><testcase classname="tests.test_review_reports" name="test_limitations_lists_pending_b3_review_ids" time="0.000" /><testcase classname="tests.test_review_reports" name="test_b1b4_counts_correct" time="0.000" /><testcase classname="tests.test_review_reports" name="test_discrepancy_rate_math" time="0.001" /><testcase classname="tests.test_review_reports" name="test_confidence_interval_bounds_are_valid" time="0.000" /><testcase classname="tests.test_review_reports" name="test_reclassified_review_counts_in_its_resolved_bucket" time="0.001" /><testcase classname="tests.test_review_reports" name="test_unavailable_source_is_not_counted_as_a_finding" time="0.001" /><testcase classname="tests.test_review_reports" name="test_five_states_reported_separately" time="0.000" /><testcase classname="tests.test_review_reports" name="test_empty_period_graceful" time="0.000" /><testcase classname="tests.test_review_reports" name="test_configuration_records_rule_set_version" time="0.000" /><testcase classname="tests.test_review_reports" name="test_report_ids_are_stable_and_typed" time="0.000" /><testcase classname="tests.test_review_reports" name="test_html_contains_every_section_and_the_contract" time="0.001" /><testcase classname="tests.test_review_reports" name="test_html_escapes_injected_content" time="0.001" /><testcase classname="tests.test_review_reports" name="test_bucket_labels_cover_all_four" time="0.000" /><testcase classname="tests.test_review_reports" name="test_build_limitations_never_returns_empty" time="0.000" /><testcase classname="tests.test_review_reports" name="test_weekly_trend_present_only_on_quarterly" time="0.000" /><testcase classname="tests.test_review_reports" name="test_weekly_trend_counts_resolved_bucket" time="0.000" /><testcase classname="tests.test_review_reports" name="test_weekly_trend_surfaces_undated_rather_than_dropping" time="0.000" /><testcase classname="tests.test_review_reports" name="test_weekly_excel_has_three_sheets_and_opens" time="0.098" /><testcase classname="tests.test_review_reports" name="test_excel_limitations_sheet_is_never_empty" time="0.069" /><testcase classname="tests.test_review_reports" name="test_excel_empty_period_says_so_rather_than_looking_broken" time="0.072" /><testcase classname="tests.test_review_reports" name="test_excel_reader_affordances" time="0.046" /><testcase classname="tests.test_rules_engine" name="test_b1_all_verified" time="0.000" /><testcase classname="tests.test_rules_engine" name="test_b1_partial_unavailable" time="0.000" /><testcase classname="tests.test_rules_engine" name="test_b2_minor_mismatch" time="0.000" /><testcase classname="tests.test_rules_engine" name="test_b3_conflicting_sources" time="0.000" /><testcase classname="tests.test_rules_engine" name="test_b3_nppes_not_found" time="0.001" /><testcase classname="tests.test_rules_engine" name="test_b3_low_confidence" time="0.001" /><testcase classname="tests.test_rules_engine" name="test_null_confidence_is_not_below_threshold" time="0.001" /><testcase classname="tests.test_rules_engine" name="test_b4_oig_excluded" time="0.000" /><testcase classname="tests.test_rules_engine" name="test_b4_invalid_npi" time="0.000" /><testcase classname="tests.test_rules_engine" name="test_b4_sam_debarred" time="0.000" /><testcase classname="tests.test_rules_engine" name="test_no_match_defaults_b3" time="0.000" /><testcase classname="tests.test_rules_engine" name="test_rules_priority_order" time="0.000" /><testcase classname="tests.test_rules_engine" name="test_disqualifying_conditions_outrank_a_clean_record" time="0.000" /><testcase classname="tests.test_rules_engine" name="test_deactivated_rule_skipped" time="0.000" /><testcase classname="tests.test_rules_engine" name="test_deterministic" time="0.000" /><testcase classname="tests.test_rules_engine" name="test_rule_version_recorded_on_every_classification" time="0.000" /><testcase classname="tests.test_rules_engine" name="test_evidence_summary_separates_the_five_states" time="0.000" /><testcase classname="tests.test_rules_engine" name="test_cochran_96000" time="0.000" /><testcase classname="tests.test_rules_engine" name="test_cochran_small_population" time="0.000" /><testcase classname="tests.test_rules_engine" name="test_configurable_confidence" time="0.000" /><testcase classname="tests.test_rules_engine" name="test_configurable_margin_and_proportion" time="0.000" /><testcase classname="tests.test_rules_engine" name="test_stratified_proportional" time="0.000" /><testcase classname="tests.test_rules_engine" name="test_reproducible_seed" time="0.000" /><testcase classname="tests.test_rules_engine" name="test_seed_returned_even_when_not_supplied" time="0.000" /><testcase classname="tests.test_rules_engine" name="test_config_captured_on_sample" time="0.001" /><testcase classname="tests.test_rules_engine" name="test_wilson_interval_never_goes_negative" time="0.000" /><testcase classname="tests.test_rules_engine" name="test_ci_empty_period_is_graceful" time="0.000" /><testcase classname="tests.test_rules_engine" name="test_z_values_match_standard_tables" time="0.000" /><testcase classname="tests.test_rules_engine" name="test_leie_success_alone_never_means_excluded" time="0.004" /><testcase classname="tests.test_rules_engine" name="test_nppes_not_found_is_distinguished_from_verified" time="0.002" /><testcase classname="tests.test_rules_engine" name="test_sources_without_a_connector_are_disclosed_not_omitted" time="0.000" /><testcase classname="tests.test_rules_engine" name="test_v2_is_identical_to_v1_when_sam_is_silent[sources0]" time="0.000" /><testcase classname="tests.test_rules_engine" name="test_v2_is_identical_to_v1_when_sam_is_silent[sources1]" time="0.000" /><testcase classname="tests.test_rules_engine" name="test_v2_is_identical_to_v1_when_sam_is_silent[sources2]" time="0.000" /><testcase classname="tests.test_rules_engine" name="test_v2_is_identical_to_v1_when_sam_is_silent[sources3]" time="0.000" /><testcase classname="tests.test_rules_engine" name="test_v2_is_identical_to_v1_when_sam_is_silent[sources4]" time="0.000" /><testcase classname="tests.test_rules_engine" name="test_v2_sends_sam_excluded_to_b4" time="0.000" /><testcase classname="tests.test_rules_engine" name="test_v2_still_catches_debarred" time="0.000" /><testcase classname="tests.test_rules_engine" name="test_v2_sam_excluded_blocks_b2_and_b3_too" time="0.000" /><testcase classname="tests.test_security_headers" name="test_cors_no_wildcard" time="0.005" /><testcase classname="tests.test_security_headers" name="test_content_type_options" time="0.004" /><testcase classname="tests.test_security_headers" name="test_no_server_version_disclosure" time="0.004" /><testcase classname="tests.test_security_headers" name="test_frame_options_or_csp_present" time="0.004" /><testcase classname="tests.test_security_headers" name="test_error_response_has_correlation_id_not_stack_trace" time="0.005" /><testcase classname="tests.test_tefca" name="test_tefca_status" time="1.088" /><testcase classname="tests.test_tefca" name="test_tefca_entities_list" time="0.006" /><testcase classname="tests.test_tefca" name="test_tefca_dashboard_summary_requires_auth" time="0.004" /><testcase classname="tests.test_tefca" name="test_tefca_dashboard_trends_requires_auth" time="0.005" /><testcase classname="tests.test_tefca" name="test_tefca_module_registered_unconditionally" time="1.207" /><testcase classname="tests.test_tefca_lifecycle" name="test_check_transition_matches_the_state_machine[draft-pending_verification-True]" time="0.003" /><testcase classname="tests.test_tefca_lifecycle" name="test_check_transition_matches_the_state_machine[pending_verification-active-True]" time="0.003" /><testcase classname="tests.test_tefca_lifecycle" name="test_check_transition_matches_the_state_machine[pending_verification-draft-True]" time="0.003" /><testcase classname="tests.test_tefca_lifecycle" name="test_check_transition_matches_the_state_machine[active-suspended-True]" time="0.003" /><testcase classname="tests.test_tefca_lifecycle" name="test_check_transition_matches_the_state_machine[suspended-active-True]" time="0.001" /><testcase classname="tests.test_tefca_lifecycle" name="test_check_transition_matches_the_state_machine[active-inactive-True]" time="0.002" /><testcase classname="tests.test_tefca_lifecycle" name="test_check_transition_matches_the_state_machine[draft-active-False]" time="0.001" /><testcase classname="tests.test_tefca_lifecycle" name="test_check_transition_matches_the_state_machine[inactive-active-False]" time="0.001" /><testcase classname="tests.test_tefca_lifecycle" name="test_refusal_names_the_missing_step_not_just_invalid" time="0.001" /><testcase classname="tests.test_tefca_lifecycle" name="test_terminal_state_says_so" time="0.001" /><testcase classname="tests.test_tefca_lifecycle" name="test_every_valid_state_is_reachable_in_the_message_helper" time="0.000" /><testcase classname="tests.test_tefca_lifecycle" name="test_weights_sum_to_one" time="0.001" /><testcase classname="tests.test_tefca_lifecycle" name="test_all_sources_matching_scores_one" time="0.001" /><testcase classname="tests.test_tefca_lifecycle" name="test_no_source_answering_is_null_not_zero" time="0.001" /><testcase classname="tests.test_tefca_lifecycle" name="test_all_sources_answering_and_disagreeing_scores_zero" time="0.001" /><testcase classname="tests.test_tefca_lifecycle" name="test_unavailable_source_shrinks_the_divisor_rather_than_penalising" time="0.001" /><testcase classname="tests.test_tefca_lifecycle" name="test_partial_coverage_is_reported_so_a_high_score_can_be_discounted" time="0.001" /><testcase classname="tests.test_tefca_lifecycle" name="test_dict_form_available_false_is_treated_as_unavailable" time="0.001" /><testcase classname="tests.test_tefca_lifecycle" name="test_validator_flags_without_rejecting" time="0.001" /><testcase classname="tests.test_tefca_lifecycle" name="test_valid_npi_needs_no_review" time="0.001" /><testcase classname="tests.test_tefca_lifecycle" name="test_registry_verification_uses_the_shared_validator" time="0.000" /><testcase classname="tests.test_tefca_lifecycle" name="test_import_path_imports_the_validator" time="0.004" /><testcase classname="tests.test_tefca_lifecycle" name="test_seed_csv_parses_and_carries_deliberate_bad_npis" time="0.006" /><testcase classname="tests.test_tefca_lifecycle" name="test_seed_covers_multiple_levels_and_statuses" time="0.001" /><testcase classname="tests.test_tefca_lifecycle" name="test_status_endpoint_refuses_anonymous" time="0.013" /><testcase classname="tests.test_tefca_lifecycle" name="test_seed_endpoint_refuses_anonymous" time="0.007" /><testcase classname="tests.test_tefca_lifecycle" name="test_verify_endpoint_refuses_anonymous" time="0.007" /><testcase classname="tests.test_tefca_state_machine" name="test_valid_transition_draft_to_pending" time="0.001" /><testcase classname="tests.test_tefca_state_machine" name="test_valid_transition_pending_to_active" time="0.001" /><testcase classname="tests.test_tefca_state_machine" name="test_valid_transition_pending_back_to_draft" time="0.000" /><testcase classname="tests.test_tefca_state_machine" name="test_invalid_transition_draft_to_active" time="0.000" /><testcase classname="tests.test_tefca_state_machine" name="test_invalid_transition_inactive_to_active" time="0.000" /><testcase classname="tests.test_tefca_state_machine" name="test_suspend_active_entity" time="0.001" /><testcase classname="tests.test_tefca_state_machine" name="test_reactivate_suspended_entity" time="0.000" /><testcase classname="tests.test_tefca_state_machine" name="test_active_to_inactive_allowed" time="0.000" /><testcase classname="tests.test_tefca_state_machine" name="test_inactive_is_terminal" time="0.000" /><testcase classname="tests.test_tefca_state_machine" name="test_same_state_is_refused" time="0.001" /><testcase classname="tests.test_tefca_state_machine" name="test_unknown_target_state_refused" time="0.002" /><testcase classname="tests.test_tefca_state_machine" name="test_unknown_current_state_refused" time="0.001" /><testcase classname="tests.test_tefca_state_machine" name="test_missing_state_refused" time="0.002" /><testcase classname="tests.test_tefca_state_machine" name="test_case_and_whitespace_tolerated" time="0.001" /><testcase classname="tests.test_tefca_state_machine" name="test_assert_transition_raises_with_both_states" time="0.002" /><testcase classname="tests.test_tefca_state_machine" name="test_state_set_matches_documented_lifecycle" time="0.002" /></testsuite></testsuites>